// Jest Snapshot v1, https://goo.gl/fbAQLP

exports[`Should match snapshot 1`] = `
<div
  aria-describedby="email-input-field"
  class="MuiFormControl-root-2 EmailInputField-registration-1"
>
  <div
    class="MuiFormControl-root-2"
  >
    <label
      class="MuiFormLabel-root-11 MuiInputLabel-root-6 MuiInputLabel-formControl-7 MuiInputLabel-animated-10"
      data-shrink="false"
    >
      Email
    </label>
    <div
      class="MuiInput-root-16 MuiInput-formControl-17 MuiInput-underline-20"
    >
      <input
        aria-invalid="false"
        aria-required="false"
        class="MuiInput-input-24 MuiInput-inputType-27"
        type="email"
      >
        
      </input>
    </div>
  </div>
</div>
`;
